// Jest Snapshot v1, https://goo.gl/fbAQLP

exports[`Logout should render without crashing 1`] = `
<div
  className="logout"
  onClick={[Function]}
>
  <Component />
  <div
    className="logoutText"
  >
     Logout 
  </div>
</div>
`;
