// Jest Snapshot v1, https://goo.gl/fbAQLP

exports[`NetworkSwitch renders without crashing 1`] = `
<div
  className="networkSwitch"
  id="network"
>
  <span
    className="label"
  >
    Network
  </span>
  <SelectInput
    className="networkSelector networkSelector"
    getItemValue={[Function]}
    getSearchResults={[Function]}
    items={
      Array [
        "MainNet",
        "TestNet",
      ]
    }
    onChange={[Function]}
    onFocus={[Function]}
    placeholder=""
    renderAfter={[Function]}
    value="MainNet"
  />
</div>
`;
