// Jest Snapshot v1, https://goo.gl/fbAQLP

exports[`TransactionHistoryPanel renders without crashing 1`] = `
<withData(Connect(withData(withProps(Connect(withActions(Connect(withProgress(withProgressComponents(Connect(withActions(Connect(withActions(Connect(withCall(Connect(withData(Connect(withProgress(withProps(Connect(withData(Connect(Connect(withProgress(LoadedNotifier)))))))))))))))))))))))))
  address="AWy7RNBVr9vDadRMK9p7i7Z1tL7GrLAxoh"
  dispatch={[Function]}
  store={
    Object {
      "clearActions": [Function],
      "dispatch": [Function],
      "getActions": [Function],
      "getState": [Function],
      "replaceReducer": [Function],
      "subscribe": [Function],
    }
  }
  storeSubscription={
    t {
      "listeners": Object {
        "clear": [Function],
        "get": [Function],
        "notify": [Function],
        "subscribe": [Function],
      },
      "onStateChange": [Function],
      "parentSub": undefined,
      "store": Object {
        "clearActions": [Function],
        "dispatch": [Function],
        "getActions": [Function],
        "getState": [Function],
        "replaceReducer": [Function],
        "subscribe": [Function],
      },
      "unsubscribe": [Function],
    }
  }
  wif="L4SLRcPgqNMAMwM3nFSxnh36f1v5omjPg3Ewy1tg2PnEon8AcHou"
/>
`;
